###############################################################################
#
# IAR ELF Linker V3.10.1.201 for STM8                     13/Jun/2018  17:12:23
# Copyright 2010-2017 IAR Systems AB.
#
#    Output file  =  D:\EMBEDDED\stm8phat\smartsw\Debug\Exe\smartsw.out
#    Map file     =  D:\EMBEDDED\stm8phat\smartsw\Debug\List\smartsw.map
#    Command line =  
#        -f C:\Users\OX\AppData\Local\Temp\EW286.tmp
#        (D:\EMBEDDED\stm8phat\smartsw\Debug\Obj\Arduino.o
#        D:\EMBEDDED\stm8phat\smartsw\Debug\Obj\EEPROM.o
#        D:\EMBEDDED\stm8phat\smartsw\Debug\Obj\main.o
#        D:\EMBEDDED\stm8phat\smartsw\Debug\Obj\preinit.o
#        D:\EMBEDDED\stm8phat\smartsw\Debug\Obj\Print.o
#        D:\EMBEDDED\stm8phat\smartsw\Debug\Obj\Rand.o
#        D:\EMBEDDED\stm8phat\smartsw\Debug\Obj\Serial.o
#        D:\EMBEDDED\stm8phat\smartsw\Debug\Obj\stm8s_adc1.o
#        D:\EMBEDDED\stm8phat\smartsw\Debug\Obj\stm8s_awu.o
#        D:\EMBEDDED\stm8phat\smartsw\Debug\Obj\stm8s_beep.o
#        D:\EMBEDDED\stm8phat\smartsw\Debug\Obj\stm8s_clk.o
#        D:\EMBEDDED\stm8phat\smartsw\Debug\Obj\stm8s_exti.o
#        D:\EMBEDDED\stm8phat\smartsw\Debug\Obj\stm8s_flash.o
#        D:\EMBEDDED\stm8phat\smartsw\Debug\Obj\stm8s_gpio.o
#        D:\EMBEDDED\stm8phat\smartsw\Debug\Obj\stm8s_i2c.o
#        D:\EMBEDDED\stm8phat\smartsw\Debug\Obj\stm8s_itc.o
#        D:\EMBEDDED\stm8phat\smartsw\Debug\Obj\stm8s_iwdg.o
#        D:\EMBEDDED\stm8phat\smartsw\Debug\Obj\stm8s_rst.o
#        D:\EMBEDDED\stm8phat\smartsw\Debug\Obj\stm8s_spi.o
#        D:\EMBEDDED\stm8phat\smartsw\Debug\Obj\stm8s_tim1.o
#        D:\EMBEDDED\stm8phat\smartsw\Debug\Obj\stm8s_tim2.o
#        D:\EMBEDDED\stm8phat\smartsw\Debug\Obj\stm8s_tim4.o
#        D:\EMBEDDED\stm8phat\smartsw\Debug\Obj\stm8s_uart1.o
#        D:\EMBEDDED\stm8phat\smartsw\Debug\Obj\stm8s_wwdg.o --redirect
#        _Printf=_PrintfFullNoMb --redirect _Scanf=_ScanfFullNoMb -o
#        D:\EMBEDDED\stm8phat\smartsw\Debug\Exe\smartsw.out --map
#        D:\EMBEDDED\stm8phat\smartsw\Debug\List\smartsw.map --config
#        "C:\Program Files (x86)\IAR Systems\Embedded Workbench
#        8.0\stm8\config\lnkstm8s103f3.icf" --config_def _CSTACK_SIZE=0x200
#        --config_def _HEAP_SIZE=0x1000 --entry __iar_program_start
#        --debug_lib)
#
###############################################################################

*******************************************************************************
*** RUNTIME MODEL ATTRIBUTES
***

__SystemLibrary            = DLib
__code_model               = small
__core                     = stm8
__data_model               = medium
__dlib_file_descriptor     = 0
__dlib_full_locale_support = 0
__rt_version               = 4


*******************************************************************************
*** PLACEMENT SUMMARY
***

"A0":  place at start of [0x000000-0x0000ff] { rw section .vregs };
"A1":  place at end of [0x000000-0x0003ff] { block CSTACK };
"P2":  place in [from 0x000000 to 0x0003ff] {
          block HEAP, rw section __DLIB_PERTHREAD, rw section .far.bss,
          rw section .far.data, rw section .far.noinit,
          rw section .far_func.textrw, rw section .huge.bss,
          rw section .huge.data, rw section .huge.noinit,
          rw section .huge_func.textrw, rw section .iar.dynexit,
          rw section .near.bss, rw section .near.data, rw section .near.noinit,
          rw section .near_func.textrw };
"A2":  place at start of [0x008000-0x009fff] { block INTVEC };
"P3":  place in [from 0x008000 to 0x009fff] {
          ro section __DLIB_PERTHREAD_init, ro section .far.data_init,
          ro section .far_func.textrw_init, ro section .huge.data_init,
          ro section .huge_func.textrw_init, ro section .iar.init_table,
          ro section .init_array, ro section .near.data_init,
          ro section .near.rodata, ro section .near_func.text,
          ro section .near_func.textrw_init, ro section .tiny.data_init,
          ro section .tiny.rodata_init };
"P4":  place in [from 0x008000 to 0x009fff] {
          ro section .far.rodata, ro section .far_func.text };
"P5":  place in [from 0x008000 to 0x009fff] {
          ro section .huge.rodata, ro section .huge_func.text };
do not initialize {
   rw section .eeprom.noinit, rw section .far.noinit, rw section .huge.noinit,
   rw section .near.noinit, rw section .tiny.noinit, rw section .vregs };

  Section             Kind      Address   Size  Object
  -------             ----      -------   ----  ------
"A0":                                     0x10
  .vregs              uninit   0x000000   0x10  vregs.o [4]
                             - 0x000010   0x10

"P2":                                     0x2f
  .near.bss           zero     0x000010   0x10  Serial.o [1]
  .near.bss           zero     0x000020   0x10  Serial.o [1]
  .near.bss           zero     0x000030    0x4  preinit.o [1]
  .near.bss           zero     0x000034    0x4  preinit.o [1]
  .near.bss           zero     0x000038    0x2  Serial.o [1]
  .near.bss           zero     0x00003a    0x1  Serial.o [1]
  .near.bss           zero     0x00003b    0x1  Serial.o [1]
  .near.bss           zero     0x00003c    0x1  Serial.o [1]
  .near.bss           zero     0x00003d    0x1  Serial.o [1]
  .near.bss           zero     0x00003e    0x1  Serial.o [1]
                             - 0x00003f   0x2f

"A1":                                    0x200
  CSTACK                       0x000200  0x200  <Block>
    CSTACK            uninit   0x000200  0x200  <Block tail>
                             - 0x000400  0x200

"A2":                                     0x80
  INTVEC                       0x008000   0x80  <Block>
    .intvec           const    0x008000   0x80  interrupt.o [4]
                             - 0x008080   0x80

"P3-P5":                                 0x25d
  .near_func.text     ro code  0x008080   0x7f  vreg_util.o [4]
  .near_func.text     ro code  0x0080ff   0x47  Print.o [1]
  .near_func.text     ro code  0x008146   0x45  Serial.o [1]
  .near_func.text     ro code  0x00818b   0x3c  Serial.o [1]
  .near_func.text     ro code  0x0081c7   0x32  Serial.o [1]
  .iar.init_table     const    0x0081f9    0x8  - Linker created -
  .near_func.text     ro code  0x008201   0x1e  init_small.o [4]
  .near_func.text     ro code  0x00821f   0x1d  cstartup.o [4]
  .near_func.text     ro code  0x00823c   0x1d  cppinit.o [4]
  .near_func.text     ro code  0x008259   0x14  init.o [4]
  .near_func.text     ro code  0x00826d   0x14  __dbg_xxexit.o [3]
  .near_func.text     ro code  0x008281   0x13  preinit.o [1]
  .near_func.text     ro code  0x008294   0x10  short.o [4]
  .near_func.text     ro code  0x0082a4    0xf  preinit.o [1]
  .near.rodata        const    0x0082b3    0x8  Serial.o [1]
  .near_func.text     ro code  0x0082bb    0x6  Serial.o [1]
  .near_func.text     ro code  0x0082c1    0x6  Serial.o [1]
  .near_func.text     ro code  0x0082c7    0x5  cexit.o [4]
  .near_func.text     ro code  0x0082cc    0x3  interrupt.o [4]
  .near_func.text     ro code  0x0082cf    0x3  low_level_init.o [4]
  .near_func.text     ro code  0x0082d2    0x3  exit.o [4]
  .near_func.text     ro code  0x0082d5    0x3  unhandled_exception.o [4]
  .near_func.text     ro code  0x0082d8    0x2  main.o [1]
  SHT$$PREINIT_ARRAY           0x0082da    0x0  <Block>
  SHT$$INIT_ARRAY              0x0082da    0x2  <Block>
    .difunct          const    0x0082da    0x2  Serial.o [1]
  .near_func.text     ro code  0x0082dc    0x1  __dbg_break.o [3]
                             - 0x0082dd  0x25d


*******************************************************************************
*** INIT TABLE
***

          Address   Size
          -------   ----
Zero (__iar_zero_init2)
    1 destination range, total size 0x2f:
          0x000010  0x2f



*******************************************************************************
*** MODULE SUMMARY
***

    Module                 ro code  ro data  rw data
    ------                 -------  -------  -------
D:\EMBEDDED\stm8phat\smartsw\Debug\Obj: [1]
    Print.o                     71
    Serial.o                   191       10       39
    main.o                       2
    preinit.o                   34                 8
    ------------------------------------------------
    Total:                     298       10       47

command line: [2]
    ------------------------------------------------
    Total:

dbgstm8smd.a: [3]
    __dbg_break.o                1
    __dbg_xxexit.o              20
    ------------------------------------------------
    Total:                      21

dlstm8smn.a: [4]
    cexit.o                      5
    cppinit.o                   29
    cstartup.o                  29
    exit.o                       3
    init.o                      20
    init_small.o                30
    interrupt.o                  3      128
    low_level_init.o             3
    short.o                     16
    unhandled_exception.o        3
    vreg_util.o                127
    vregs.o                                       16
    ------------------------------------------------
    Total:                     268      128       16

    Linker created                        8      512
----------------------------------------------------
    Grand Total:               587      146      575


*******************************************************************************
*** ENTRY LIST
***

Entry                    Address  Size  Type      Object
-----                    -------  ----  ----      ------
.iar.init_table$$Base   0x0081f9         --   Gb  - Linker created -
.iar.init_table$$Limit  0x008201         --   Gb  - Linker created -
??call_ctors            0x00822c        Code  Gb  cstartup.o [4]
?b0                     0x000000        Data  Gb  vregs.o [4]
?b1                     0x000001        Data  Gb  vregs.o [4]
?b10                    0x00000a        Data  Gb  vregs.o [4]
?b11                    0x00000b        Data  Gb  vregs.o [4]
?b12                    0x00000c        Data  Gb  vregs.o [4]
?b13                    0x00000d        Data  Gb  vregs.o [4]
?b14                    0x00000e        Data  Gb  vregs.o [4]
?b15                    0x00000f        Data  Gb  vregs.o [4]
?b2                     0x000002        Data  Gb  vregs.o [4]
?b3                     0x000003        Data  Gb  vregs.o [4]
?b4                     0x000004        Data  Gb  vregs.o [4]
?b5                     0x000005        Data  Gb  vregs.o [4]
?b6                     0x000006        Data  Gb  vregs.o [4]
?b7                     0x000007        Data  Gb  vregs.o [4]
?b8                     0x000008        Data  Gb  vregs.o [4]
?b9                     0x000009        Data  Gb  vregs.o [4]
?e0                     0x000001        Data  Gb  vregs.o [4]
?e1                     0x000005        Data  Gb  vregs.o [4]
?e2                     0x000009        Data  Gb  vregs.o [4]
?e3                     0x00000d        Data  Gb  vregs.o [4]
?epilogue_l2            0x0080f4        Code  Gb  vreg_util.o [4]
?epilogue_l2_l3         0x0080f1        Code  Gb  vreg_util.o [4]
?l0                     0x000000        Data  Gb  vregs.o [4]
?l1                     0x000004        Data  Gb  vregs.o [4]
?l2                     0x000008        Data  Gb  vregs.o [4]
?l3                     0x00000c        Data  Gb  vregs.o [4]
?mov_w4_w0              0x0080f8        Code  Gb  vreg_util.o [4]
?pop_l2                 0x0080d3        Code  Gb  vreg_util.o [4]
?pop_l3                 0x0080de        Code  Gb  vreg_util.o [4]
?pop_w0                 0x00809d        Code  Gb  vreg_util.o [4]
?push_l2                0x0080ac        Code  Gb  vreg_util.o [4]
?push_l3                0x0080b1        Code  Gb  vreg_util.o [4]
?push_w0                0x008080        Code  Gb  vreg_util.o [4]
?push_w4                0x008085        Code  Gb  vreg_util.o [4]
?smod16_y_x_y           0x008294        Code  Gb  short.o [4]
?w0                     0x000000        Data  Gb  vregs.o [4]
?w1                     0x000002        Data  Gb  vregs.o [4]
?w2                     0x000004        Data  Gb  vregs.o [4]
?w3                     0x000006        Data  Gb  vregs.o [4]
?w4                     0x000008        Data  Gb  vregs.o [4]
?w5                     0x00000a        Data  Gb  vregs.o [4]
?w6                     0x00000c        Data  Gb  vregs.o [4]
?w7                     0x00000e        Data  Gb  vregs.o [4]
CSTACK$$Base            0x000200         --   Gb  - Linker created -
CSTACK$$Limit           0x000400         --   Gb  - Linker created -
HardwareSerial::HardwareSerial()
                        0x0082bb   0x6  Code  Gb  Serial.o [1]
HardwareSerial::_error  0x00003a   0x1  Data  Gb  Serial.o [1]
HardwareSerial::_rxbuf  0x000010  0x10  Data  Gb  Serial.o [1]
HardwareSerial::_rxbuflen
                        0x00003c   0x1  Data  Gb  Serial.o [1]
HardwareSerial::_rxbufpos
                        0x00003b   0x1  Data  Gb  Serial.o [1]
HardwareSerial::_txbuf  0x000020  0x10  Data  Gb  Serial.o [1]
HardwareSerial::_txbuflen
                        0x00003e   0x1  Data  Gb  Serial.o [1]
HardwareSerial::_txbufpos
                        0x00003d   0x1  Data  Gb  Serial.o [1]
HardwareSerial::write(unsigned char)
                        0x0081c7  0x32  Code  Gb  Serial.o [1]
INTVEC$$Base            0x008000         --   Gb  - Linker created -
INTVEC$$Limit           0x008080         --   Gb  - Linker created -
Print::write(unsigned char const __near *, unsigned short)
                        0x0080ff  0x47  Code  Gb  Print.o [1]
Region$$Table$$Base     0x0081f9         --   Gb  - Linker created -
Region$$Table$$Limit    0x008201         --   Gb  - Linker created -
SHT$$INIT_ARRAY$$Base   0x0082da         --   Gb  - Linker created -
SHT$$INIT_ARRAY$$Limit  0x0082dc         --   Gb  - Linker created -
SHT$$PREINIT_ARRAY$$Base
                        0x0082da         --   Gb  - Linker created -
SHT$$PREINIT_ARRAY$$Limit
                        0x0082da         --   Gb  - Linker created -
Serial                  0x000038   0x2  Data  Gb  Serial.o [1]
TIM1_UPD_OVF_TRG_BRK_IRQHandler()
                        0x0082a4   0xf  Code  Gb  preinit.o [1]
TIM4_UPD_OVF_IRQHandler()
                        0x008281  0x13  Code  Gb  preinit.o [1]
UART1_RX_IRQHandler()   0x00818b  0x3c  Code  Gb  Serial.o [1]
UART1_TX_IRQHandler()   0x008146  0x45  Code  Gb  Serial.o [1]
Virtual function table for HardwareSerial
                        0x0082b3   0x8  Data  Gb  Serial.o [1]
__DebugBreak            0x0082dc   0x1  Code  Gb  __dbg_break.o [3]
__call_ctors            0x00823c  0x1d  Code  Gb  cppinit.o [4]
__exit                  0x00826d  0x14  Code  Gb  __dbg_xxexit.o [3]
__iar_cstart_call_ctors
                        0x00822c        Code  Gb  cstartup.o [4]
__iar_data_init2        0x008259  0x14  Code  Gb  init.o [4]
__iar_program_start     0x00821f        Code  Gb  cstartup.o [4]
__iar_unhandled_exception
                        0x0082d5        Code  Gb  unhandled_exception.o [4]
__iar_zero_init2        0x008201        Code  Gb  init_small.o [4]
__intvec                0x008000        Data  Gb  interrupt.o [4]
__low_level_init        0x0082cf   0x3  Code  Gb  low_level_init.o [4]
__ms                    0x000034   0x4  Data  Gb  preinit.o [1]
__sti__routine          0x0082c1   0x6  Code  Lc  Serial.o [1]
__us                    0x000030   0x4  Data  Gb  preinit.o [1]
_exit                   0x0082c7        Code  Gb  cexit.o [4]
_interrupt_13           0x0082a4        Code  Gb  preinit.o [1]
_interrupt_19           0x008146        Code  Gb  Serial.o [1]
_interrupt_20           0x00818b        Code  Gb  Serial.o [1]
_interrupt_25           0x008281        Code  Gb  preinit.o [1]
exit                    0x0082d2   0x3  Code  Gb  exit.o [4]
main                    0x0082d8   0x2  Code  Gb  main.o [1]


[1] = D:\EMBEDDED\stm8phat\smartsw\Debug\Obj
[2] = command line
[3] = dbgstm8smd.a
[4] = dlstm8smn.a

  587 bytes of readonly  code memory
  146 bytes of readonly  data memory
  575 bytes of readwrite data memory

Errors: none
Warnings: none
